// Jest Snapshot v1, https://goo.gl/fbAQLP

exports[`Button should render text 1`] = `
<button
  class="MuiButtonBase-root MuiButton-root MuiButton-text css-qtic62-Button MuiButton-textPrimary"
  tabindex="0"
  type="button"
>
  <span
    class="MuiButton-label"
  >
    foo
  </span>
  <span
    class="MuiTouchRipple-root"
  />
</button>
`;
